E,T,F
a,b,c,d,i
E
E->EaT
E->TbF
E->cEd
E->i
T->TbF
T->cEd
T->i
F->cEd
F->i